#-----------------------------------------------------------
# xsim v2025.1 (64-bit)
# SW Build 6140274 on Wed May 21 22:58:25 MDT 2025
# IP Build 6138677 on Thu May 22 03:10:11 MDT 2025
# SharedData Build 6139179 on Tue May 20 17:58:58 MDT 2025
# Start of session at: Tue Dec 23 20:19:24 2025
# Process ID         : 99617
# Current directory  : /home/link/CODE/projects/AdiRiscV
# Command line       : xsim -mode tcl -source {xsim.dir/regfile_sim/xsim_script.tcl}
# Log file           : /home/link/CODE/projects/AdiRiscV/xsim.log
# Journal file       : /home/link/CODE/projects/AdiRiscV/xsim.jou
# Running On         : Link
# Platform           : Ubuntu
# Operating System   : Ubuntu 24.04.3 LTS
# Processor Detail   : 12th Gen Intel(R) Core(TM) i5-1240P
# CPU Frequency      : 599.174 MHz
# CPU Physical cores : 12
# CPU Logical cores  : 16
# Host memory        : 16457 MB
# Swap memory        : 4294 MB
# Total Virtual      : 20752 MB
# Available Virtual  : 16264 MB
#-----------------------------------------------------------
source xsim.dir/regfile_sim/xsim_script.tcl
run -all
